(base) ta2ya@a-2 kakeibo % ls
README.md               bootstrap               config                  lang                    public                  storage                 vite.config.js
app                     composer.json           database                package.json            resources               tests
artisan                 composer.lock           docker-compose.yml      phpunit.xml             routes                  vendor
(base) ta2ya@a-2 kakeibo % sail up  -d
[+] Running 8/8
 ⠿ Network kakeibo_sail              Created                                                                                                                                                                             0.0s
 ⠿ Container kakeibo-mysql-1         Started                                                                                                                                                                             0.8s
 ⠿ Container kakeibo-meilisearch-1   Started                                                                                                                                                                             0.6s
 ⠿ Container kakeibo-redis-1         Started                                                                                                                                                                             0.7s
 ⠿ Container kakeibo-mailhog-1       Started                                                                                                                                                                             0.8s
 ⠿ Container kakeibo-selenium-1      Started                                                                                                                                                                             0.6s
 ⠿ Container kakeibo-phpmyadmin-1    Started                                                                                                                                                                             1.1s
 ⠿ Container kakeibo-laravel.test-1  Started                                                                                                                                                                             1.8s
(base) ta2ya@a-2 kakeibo % sail composer require laravel/breeze --dev
Info from https://repo.packagist.org: #StandWithUkraine
Using version ^1.13 for laravel/breeze
./composer.json has been updated
Running composer update laravel/breeze
Loading composer repositories with package information
Updating dependencies
Lock file operations: 1 install, 0 updates, 0 removals
  - Locking laravel/breeze (v1.13.1)
Writing lock file
Installing dependencies from lock file (including require-dev)
Package operations: 1 install, 0 updates, 0 removals
  - Downloading laravel/breeze (v1.13.1)
  - Installing laravel/breeze (v1.13.1): Extracting archive
Generating optimized autoload files
> Illuminate\Foundation\ComposerScripts::postAutoloadDump
> @php artisan package:discover --ansi

   INFO  Discovering packages.  

  laravel/breeze .............................................................................................................................. DONE
  laravel/sail ................................................................................................................................ DONE
  laravel/sanctum ............................................................................................................................. DONE
  laravel/tinker .............................................................................................................................. DONE
  nesbot/carbon ............................................................................................................................... DONE
  nunomaduro/collision ........................................................................................................................ DONE
  nunomaduro/termwind ......................................................................................................................... DONE
  spatie/laravel-ignition ..................................................................................................................... DONE

81 packages you are using are looking for funding.
Use the `composer fund` command to find out more!
> @php artisan vendor:publish --tag=laravel-assets --ansi --force

   INFO  No publishable resources for tag [laravel-assets].  

No security vulnerability advisories found
(base) ta2ya@a-2 kakeibo % sail php artisan breeze:install

added 93 packages, and audited 94 packages in 27s

18 packages are looking for funding
  run `npm fund` for details

found 0 vulnerabilities

> build
> vite build

vite v3.1.3 building for production...
✓ 59 modules transformed.
public/build/manifest.json             0.25 KiB
public/build/assets/app.ad4a7d97.css   23.28 KiB / gzip: 4.78 KiB
public/build/assets/app.ab93cf8a.js    129.03 KiB / gzip: 46.78 KiB

   INFO  Breeze scaffolding installed successfully.  

(base) ta2ya@a-2 kakeibo % sail npm install               

up to date, audited 94 packages in 624ms

18 packages are looking for funding
  run `npm fund` for details

found 0 vulnerabilities
(base) ta2ya@a-2 kakeibo % sail npm run build

> build
> vite build

vite v3.1.3 building for production...
✓ 59 modules transformed.
public/build/manifest.json             0.25 KiB
public/build/assets/app.ad4a7d97.css   23.28 KiB / gzip: 4.78 KiB
public/build/assets/app.ab93cf8a.js    129.03 KiB / gzip: 46.78 KiB
(base) ta2ya@a-2 kakeibo % sail php artisan migrate

   INFO  Preparing database.  

  Creating migration table ............................................................................................................... 41ms DONE

   INFO  Running migrations.  

  2014_10_12_000000_create_users_table ................................................................................................... 45ms DONE
  2014_10_12_100000_create_password_resets_table ......................................................................................... 32ms DONE
  2019_08_19_000000_create_failed_jobs_table ............................................................................................. 29ms DONE
  2019_12_14_000001_create_personal_access_tokens_table .................................................................................. 41ms DONE

(base) ta2ya@a-2 kakeibo % sail php artisan db:seed

   INFO  Seeding database.  

(base) ta2ya@a-2 kakeibo % sail php artisan db:seed

   INFO  Seeding database.  

(base) ta2ya@a-2 kakeibo % sail php artisan db:seed

   INFO  Seeding database.  

(base) ta2ya@a-2 kakeibo % sail php artisan Transaction -m

   ERROR  Command "Transaction" is not defined.  

(base) ta2ya@a-2 kakeibo % sail php artisan make:model Transaction -m

   INFO  Model created successfully.  

   INFO  Created migration [2022_09_21_135959_create_transactions_table].  

(base) ta2ya@a-2 kakeibo % sail php artisan make:model Category -m

   INFO  Model created successfully.  


   ParseError 

  syntax error, unexpected variable "$table"

  at database/migrations/2022_09_21_135959_create_transactions_table.php:19
     15▕     {
     16▕         Schema::create('transactions', function (Blueprint $table) {
     17▕             $table->id();
     18▕             $table->string()
  ➜  19▕             $table->timestamps();
     20▕         });
     21▕     }
     22▕ 
     23▕     /**

      +30 vendor frames 
  31  artisan:37
      Illuminate\Foundation\Console\Kernel::handle()
(base) ta2ya@a-2 kakeibo % sail php artisan make:model Category -m

   ERROR  Model already exists.  

(base) ta2ya@a-2 kakeibo % sail php artisan make:model Category -m

   INFO  Model created successfully.  

   INFO  Created migration [2022_09_21_141753_create_categories_table].  

(base) ta2ya@a-2 kakeibo % sail php artisan migrate

   INFO  Running migrations.  

  2022_09_21_135959_create_transactions_table ............................................................................................ 30ms DONE
  2022_09_21_141753_create_categories_table .............................................................................................. 20ms DONE

(base) ta2ya@a-2 kakeibo % sail php artisan make:controller CategoryController --resource

   INFO  Controller created successfully.  

(base) ta2ya@a-2 kakeibo % $ mkdir resources/views/common

zsh: command not found: $
(base) ta2ya@a-2 kakeibo %  mkdir resources/views/common 

(base) ta2ya@a-2 kakeibo %  touch resources/views/common/errors.blade.php 

(base) ta2ya@a-2 kakeibo % sail php artisan route:list | grep category
  GET|HEAD        category ......... category.index › CategoryController@index
  POST            category ......... category.store › CategoryController@store
  GET|HEAD        category/create category.create › CategoryController@create
  GET|HEAD        category/{category} category.show › CategoryController@show
  PUT|PATCH       category/{category} category.update › CategoryController@up…
  DELETE          category/{category} category.destroy › CategoryController@d…
  GET|HEAD        category/{category}/edit category.edit › CategoryController…
(base) ta2ya@a-2 kakeibo % cd resources/views/
(base) ta2ya@a-2 views % ls
auth                    common                  components              dashboard.blade.php     layouts                 welcome.blade.php
(base) ta2ya@a-2 views % cd category
cd: no such file or directory: category
(base) ta2ya@a-2 views % mkdir category
(base) ta2ya@a-2 views % ls
auth                    category                common                  components              dashboard.blade.php     layouts                 welcome.blade.php
(base) ta2ya@a-2 views % cd category
(base) ta2ya@a-2 category % ls
(base) ta2ya@a-2 category % touch create.blade.php edit.blade.php index.blade.php show.blade.php
(base) ta2ya@a-2 category % ls
create.blade.php        edit.blade.php          index.blade.php         show.blade.php
(base) ta2ya@a-2 category % sail npm run build                                                  
bash: vendor/bin/sail: No such file or directory
(base) ta2ya@a-2 category % cd ..
(base) ta2ya@a-2 views % cd ..
(base) ta2ya@a-2 resources % cd ..
(base) ta2ya@a-2 kakeibo % ls
README.md               bootstrap               config                  lang                    package.json            public                  storage                 vendor
app                     composer.json           database                node_modules            phpunit.xml             resources               tailwind.config.js      vite.config.js
artisan                 composer.lock           docker-compose.yml      package-lock.json       postcss.config.js       routes                  tests
(base) ta2ya@a-2 kakeibo % sail npm run build

> build
> vite build

vite v3.1.3 building for production...
✓ 59 modules transformed.
public/build/manifest.json             0.25 KiB
public/build/assets/app.f89368a6.css   23.91 KiB / gzip: 4.88 KiB
public/build/assets/app.ab93cf8a.js    129.03 KiB / gzip: 46.78 KiB
(base) ta2ya@a-2 kakeibo % sail npm run build

> build
> vite build

vite v3.1.3 building for production...
✓ 57 modules transformed.
public/build/manifest.json             0.25 KiB
public/build/assets/app.2500c547.css   24.05 KiB / gzip: 4.90 KiB
public/build/assets/app.e8b13026.js    129.13 KiB / gzip: 46.78 KiB
(base) ta2ya@a-2 kakeibo % sail down
[+] Running 8/8
 ⠿ Container kakeibo-laravel.test-1  Removed                                                                                                                                                                                                                                                                        0.7s
 ⠿ Container kakeibo-phpmyadmin-1    Removed                                                                                                                                                                                                                                                                        1.3s
 ⠿ Container kakeibo-meilisearch-1   Removed                                                                                                                                                                                                                                                                        0.2s
 ⠿ Container kakeibo-mailhog-1       Removed                                                                                                                                                                                                                                                                        0.3s
 ⠿ Container kakeibo-selenium-1      Removed                                                                                                                                                                                                                                                                        4.4s
 ⠿ Container kakeibo-redis-1         Removed                                                                                                                                                                                                                                                                        0.4s
 ⠿ Container kakeibo-mysql-1         Removed                                                                                                                                                                                                                                                                        1.5s
 ⠿ Network kakeibo_sail              Removed                                                                                                                                                                                                                                                                        0.1s
(base) ta2ya@a-2 kakeibo % sail up -d
[+] Running 8/8
 ⠿ Network kakeibo_sail              Created                                                                                                                                                                                                                                                                        0.0s
 ⠿ Container kakeibo-selenium-1      Started                                                                                                                                                                                                                                                                        0.6s
 ⠿ Container kakeibo-redis-1         Started                                                                                                                                                                                                                                                                        0.8s
 ⠿ Container kakeibo-mysql-1         Started                                                                                                                                                                                                                                                                        0.7s
 ⠿ Container kakeibo-meilisearch-1   Started                                                                                                                                                                                                                                                                        0.7s
 ⠿ Container kakeibo-mailhog-1       Started                                                                                                                                                                                                                                                                        0.8s
 ⠿ Container kakeibo-laravel.test-1  Started                                                                                                                                                                                                                                                                        2.4s
 ⠿ Container kakeibo-phpmyadmin-1    Started                                                                                                                                                                                                                                                                        0.9s
(base) ta2ya@a-2 kakeibo % sail down
[+] Running 8/8
 ⠿ Container kakeibo-phpmyadmin-1    Removed                                                                                                                                                                                                                                                                        1.3s
 ⠿ Container kakeibo-laravel.test-1  Removed                                                                                                                                                                                                                                                                        1.1s
 ⠿ Container kakeibo-selenium-1      Removed                                                                                                                                                                                                                                                                        4.4s
 ⠿ Container kakeibo-redis-1         Removed                                                                                                                                                                                                                                                                        0.3s
 ⠿ Container kakeibo-meilisearch-1   Removed                                                                                                                                                                                                                                                                        0.3s
 ⠿ Container kakeibo-mailhog-1       Removed                                                                                                                                                                                                                                                                        0.4s
 ⠿ Container kakeibo-mysql-1         Removed                                                                                                                                                                                                                                                                        1.5s
 ⠿ Network kakeibo_sail              Removed                                                                                                                                                                                                                                                                        0.1s
(base) ta2ya@a-2 kakeibo % sail up -d
[+] Running 8/8
 ⠿ Network kakeibo_sail              Created                                                                                                                                                                                                                                                                        0.0s
 ⠿ Container kakeibo-mailhog-1       Started                                                                                                                                                                                                                                                                        0.7s
 ⠿ Container kakeibo-mysql-1         Started                                                                                                                                                                                                                                                                        0.7s
 ⠿ Container kakeibo-redis-1         Started                                                                                                                                                                                                                                                                        0.6s
 ⠿ Container kakeibo-meilisearch-1   Started                                                                                                                                                                                                                                                                        0.8s
 ⠿ Container kakeibo-selenium-1      Started                                                                                                                                                                                                                                                                        0.5s
 ⠿ Container kakeibo-phpmyadmin-1    Started                                                                                                                                                                                                                                                                        1.0s
 ⠿ Container kakeibo-laravel.test-1  Started                                                                                                                                                                                                                                                                        2.2s
(base) ta2ya@a-2 kakeibo % sail npm run build 

> build
> vite build

vite v3.1.3 building for production...
✓ 59 modules transformed.
public/build/manifest.json             0.25 KiB
public/build/assets/app.8a1e2ed3.css   24.30 KiB / gzip: 4.95 KiB
public/build/assets/app.ab93cf8a.js    129.03 KiB / gzip: 46.78 KiB
(base) ta2ya@a-2 kakeibo % sail php artisan make:controller KindController --resource

   INFO  Controller created successfully.  

(base) ta2ya@a-2 kakeibo % sail php artisan route::list | grep kind
(base) ta2ya@a-2 kakeibo % sail php artisan route::list            

   ERROR  There are no commands defined in the "route:" namespace. Did you mean one of these?  

  ⇂ route  

(base) ta2ya@a-2 kakeibo % sail php artisan route:list 

   Illuminate\Contracts\Container\BindingResolutionException 

  Target class [KindController] does not exist.

  at vendor/laravel/framework/src/Illuminate/Container/Container.php:877
    873▕ 
    874▕         try {
    875▕             $reflector = new ReflectionClass($concrete);
    876▕         } catch (ReflectionException $e) {
  ➜ 877▕             throw new BindingResolutionException("Target class [$concrete] does not exist.", 0, $e);
    878▕         }
    879▕ 
    880▕         // If the type is not instantiable, the developer is attempting to resolve
    881▕         // an abstract type such as an Interface or Abstract Class and there is

  1   [internal]:0
      Illuminate\Foundation\Console\RouteListCommand::Illuminate\Foundation\Console\{closure}()

      +13 vendor frames 
  15  [internal]:0
      Illuminate\Foundation\Console\RouteListCommand::Illuminate\Foundation\Console\{closure}()
(base) ta2ya@a-2 kakeibo % sail php artisan route:list

  GET|HEAD        / ................................................................................................................................................................................................................................................................................................... 
  POST            _ignition/execute-solution ............................................................................................................................................................................................ ignition.executeSolution › Spatie\LaravelIgnition › ExecuteSolutionController
  GET|HEAD        _ignition/health-check ........................................................................................................................................................................................................ ignition.healthCheck › Spatie\LaravelIgnition › HealthCheckController
  POST            _ignition/update-config ..................................................................................................................................................................................................... ignition.updateConfig › Spatie\LaravelIgnition › UpdateConfigController
  GET|HEAD        api/user ............................................................................................................................................................................................................................................................................................ 
  GET|HEAD        category .................................................................................................................................................................................................................................................. category.index › CategoryController@index
  POST            category .................................................................................................................................................................................................................................................. category.store › CategoryController@store
  GET|HEAD        category/create ......................................................................................................................................................................................................................................... category.create › CategoryController@create
  GET|HEAD        category/{category} ......................................................................................................................................................................................................................................... category.show › CategoryController@show
  PUT|PATCH       category/{category} ..................................................................................................................................................................................................................................... category.update › CategoryController@update
  DELETE          category/{category} ................................................................................................................................................................................................................................... category.destroy › CategoryController@destroy
  GET|HEAD        category/{category}/edit .................................................................................................................................................................................................................................... category.edit › CategoryController@edit
  GET|HEAD        confirm-password ......................................................................................................................................................................................................................... password.confirm › Auth\ConfirmablePasswordController@show
  POST            confirm-password ........................................................................................................................................................................................................................................... Auth\ConfirmablePasswordController@store
  GET|HEAD        dashboard ................................................................................................................................................................................................................................................................................. dashboard
  POST            email/verification-notification .............................................................................................................................................................................................. verification.send › Auth\EmailVerificationNotificationController@store
  GET|HEAD        forgot-password .......................................................................................................................................................................................................................... password.request › Auth\PasswordResetLinkController@create
  POST            forgot-password ............................................................................................................................................................................................................................. password.email › Auth\PasswordResetLinkController@store
  GET|HEAD        kind .............................................................................................................................................................................................................................................................. kind.index › KindController@index
  POST            kind .............................................................................................................................................................................................................................................................. kind.store › KindController@store
  GET|HEAD        kind/create ..................................................................................................................................................................................................................................................... kind.create › KindController@create
  GET|HEAD        kind/{kind} ......................................................................................................................................................................................................................................................... kind.show › KindController@show
  PUT|PATCH       kind/{kind} ..................................................................................................................................................................................................................................................... kind.update › KindController@update
  DELETE          kind/{kind} ................................................................................................................................................................................................................................................... kind.destroy › KindController@destroy
  GET|HEAD        kind/{kind}/edit .................................................................................................................................................................................................................................................... kind.edit › KindController@edit
  GET|HEAD        login ............................................................................................................................................................................................................................................ login › Auth\AuthenticatedSessionController@create
  POST            login ..................................................................................................................................................................................................................................................... Auth\AuthenticatedSessionController@store
  POST            logout ......................................................................................................................................................................................................................................... logout › Auth\AuthenticatedSessionController@destroy
  GET|HEAD        register ............................................................................................................................................................................................................................................ register › Auth\RegisteredUserController@create
  POST            register ........................................................................................................................................................................................................................................................ Auth\RegisteredUserController@store
  POST            reset-password ................................................................................................................................................................................................................................... password.update › Auth\NewPasswordController@store
  GET|HEAD        reset-password/{token} ........................................................................................................................................................................................................................... password.reset › Auth\NewPasswordController@create
  GET|HEAD        sanctum/csrf-cookie ............................................................................................................................................................................................................... sanctum.csrf-cookie › Laravel\Sanctum › CsrfCookieController@show
  GET|HEAD        verify-email .................................................................................................................................................................................................................. verification.notice › Auth\EmailVerificationPromptController@__invoke
  GET|HEAD        verify-email/{id}/{hash} .................................................................................................................................................................................................................. verification.verify › Auth\VerifyEmailController@__invoke

                                                                                                                                                                                                                                                                                                    Showing [35] routes

(base) ta2ya@a-2 kakeibo % sail php artisan make:model Kind -m

   INFO  Model created successfully.  

   INFO  Created migration [2022_09_22_070659_create_kinds_table].  

(base) ta2ya@a-2 kakeibo % sail php artisan migrate

   INFO  Running migrations.  

  2022_09_22_070659_create_kinds_table ................................................................................................... 47ms DONE

(base) ta2ya@a-2 kakeibo % sail mysql
Reading table information for completion of table and column names
You can turn off this feature to get a quicker startup with -A

Welcome to the MySQL monitor.  Commands end with ; or \g.
Your MySQL connection id is 199
Server version: 8.0.30 MySQL Community Server - GPL

Copyright (c) 2000, 2022, Oracle and/or its affiliates.

Oracle is a registered trademark of Oracle Corporation and/or its
affiliates. Other names may be trademarks of their respective
owners.

Type 'help;' or '\h' for help. Type '\c' to clear the current input statement.

mysql> show columns from kind;
ERROR 1146 (42S02): Table 'kakeibo.kind' doesn't exist
mysql> show columns from kinds;
+------------+-----------------+------+-----+---------+----------------+
| Field      | Type            | Null | Key | Default | Extra          |
+------------+-----------------+------+-----+---------+----------------+
| id         | bigint unsigned | NO   | PRI | NULL    | auto_increment |
| kind       | varchar(255)    | NO   |     | NULL    |                |
| created_at | timestamp       | YES  |     | NULL    |                |
| updated_at | timestamp       | YES  |     | NULL    |                |
+------------+-----------------+------+-----+---------+----------------+
4 rows in set (0.00 sec)

mysql> exit
Bye
(base) ta2ya@a-2 kakeibo % sail php artisan route:list | grep kind
  GET|HEAD        kind ..................... kind.index › KindController@index
  POST            kind ..................... kind.store › KindController@store
  GET|HEAD        kind/create ............ kind.create › KindController@create
  GET|HEAD        kind/{kind} ................ kind.show › KindController@show
  PUT|PATCH       kind/{kind} ............ kind.update › KindController@update
  DELETE          kind/{kind} .......... kind.destroy › KindController@destroy
  GET|HEAD        kind/{kind}/edit ........... kind.edit › KindController@edit
(base) ta2ya@a-2 kakeibo % sail php artisan route:list            

  GET|HEAD        / ................................................................................................................................................................................................................................................................................................... 
  POST            _ignition/execute-solution ............................................................................................................................................................................................ ignition.executeSolution › Spatie\LaravelIgnition › ExecuteSolutionController
  GET|HEAD        _ignition/health-check ........................................................................................................................................................................................................ ignition.healthCheck › Spatie\LaravelIgnition › HealthCheckController
  POST            _ignition/update-config ..................................................................................................................................................................................................... ignition.updateConfig › Spatie\LaravelIgnition › UpdateConfigController
  GET|HEAD        api/user ............................................................................................................................................................................................................................................................................................ 
  GET|HEAD        category .................................................................................................................................................................................................................................................. category.index › CategoryController@index
  POST            category .................................................................................................................................................................................................................................................. category.store › CategoryController@store
  GET|HEAD        category/create ......................................................................................................................................................................................................................................... category.create › CategoryController@create
  GET|HEAD        category/{category} ......................................................................................................................................................................................................................................... category.show › CategoryController@show
  PUT|PATCH       category/{category} ..................................................................................................................................................................................................................................... category.update › CategoryController@update
  DELETE          category/{category} ................................................................................................................................................................................................................................... category.destroy › CategoryController@destroy
  GET|HEAD        category/{category}/edit .................................................................................................................................................................................................................................... category.edit › CategoryController@edit
  GET|HEAD        confirm-password ......................................................................................................................................................................................................................... password.confirm › Auth\ConfirmablePasswordController@show
  POST            confirm-password ........................................................................................................................................................................................................................................... Auth\ConfirmablePasswordController@store
  GET|HEAD        dashboard ................................................................................................................................................................................................................................................................................. dashboard
  POST            email/verification-notification .............................................................................................................................................................................................. verification.send › Auth\EmailVerificationNotificationController@store
  GET|HEAD        forgot-password .......................................................................................................................................................................................................................... password.request › Auth\PasswordResetLinkController@create
  POST            forgot-password ............................................................................................................................................................................................................................. password.email › Auth\PasswordResetLinkController@store
  GET|HEAD        kind .............................................................................................................................................................................................................................................................. kind.index › KindController@index
  POST            kind .............................................................................................................................................................................................................................................................. kind.store › KindController@store
  GET|HEAD        kind/create ..................................................................................................................................................................................................................................................... kind.create › KindController@create
  GET|HEAD        kind/{kind} ......................................................................................................................................................................................................................................................... kind.show › KindController@show
  PUT|PATCH       kind/{kind} ..................................................................................................................................................................................................................................................... kind.update › KindController@update
  DELETE          kind/{kind} ................................................................................................................................................................................................................................................... kind.destroy › KindController@destroy
  GET|HEAD        kind/{kind}/edit .................................................................................................................................................................................................................................................... kind.edit › KindController@edit
  GET|HEAD        login ............................................................................................................................................................................................................................................ login › Auth\AuthenticatedSessionController@create
  POST            login ..................................................................................................................................................................................................................................................... Auth\AuthenticatedSessionController@store
  POST            logout ......................................................................................................................................................................................................................................... logout › Auth\AuthenticatedSessionController@destroy
  GET|HEAD        register ............................................................................................................................................................................................................................................ register › Auth\RegisteredUserController@create
  POST            register ........................................................................................................................................................................................................................................................ Auth\RegisteredUserController@store
  POST            reset-password ................................................................................................................................................................................................................................... password.update › Auth\NewPasswordController@store
  GET|HEAD        reset-password/{token} ........................................................................................................................................................................................................................... password.reset › Auth\NewPasswordController@create
  GET|HEAD        sanctum/csrf-cookie ............................................................................................................................................................................................................... sanctum.csrf-cookie › Laravel\Sanctum › CsrfCookieController@show
  GET|HEAD        verify-email .................................................................................................................................................................................................................. verification.notice › Auth\EmailVerificationPromptController@__invoke
  GET|HEAD        verify-email/{id}/{hash} .................................................................................................................................................................................................................. verification.verify › Auth\VerifyEmailController@__invoke

                                                                                                                                                                                                                                                                                                    Showing [35] routes

(base) ta2ya@a-2 kakeibo % cd resources/views       
(base) ta2ya@a-2 views % ls
auth                    category                common                  components              dashboard.blade.php     layouts                 welcome.blade.php
(base) ta2ya@a-2 views % mkdir kind
(base) ta2ya@a-2 views % cd kind
(base) ta2ya@a-2 kind % ls
(base) ta2ya@a-2 kind % touch create.blade.php edit.blade.php index.blade.php show.blade.php 
(base) ta2ya@a-2 kind % cd ..
(base) ta2ya@a-2 views % cd ..
(base) ta2ya@a-2 resources % cd ..
(base) ta2ya@a-2 kakeibo % 


(base) ta2ya@a-2 kakeibo % category tableにkind_idカラムを追加
zsh: command not found: category
(base) ta2ya@a-2 kakeibo % see 6.13
zsh: command not found: see
(base) ta2ya@a-2 kakeibo % sail php artisan make:migration add_kind_id_to_categories_table

   INFO  Created migration [2022_09_22_075326_add_kind_id_to_categories_table].  

(base) ta2ya@a-2 kakeibo % sail php artisan migrate

   INFO  Running migrations.  

  2022_09_22_075326_add_kind_id_to_categories_table ...................................................................................... 67ms DONE

(base) ta2ya@a-2 kakeibo % sail mysql
Reading table information for completion of table and column names
You can turn off this feature to get a quicker startup with -A

Welcome to the MySQL monitor.  Commands end with ; or \g.
Your MySQL connection id is 305
Server version: 8.0.30 MySQL Community Server - GPL

Copyright (c) 2000, 2022, Oracle and/or its affiliates.

Oracle is a registered trademark of Oracle Corporation and/or its
affiliates. Other names may be trademarks of their respective
owners.

Type 'help;' or '\h' for help. Type '\c' to clear the current input statement.

mysql> show columns from category_id;
ERROR 1146 (42S02): Table 'kakeibo.category_id' doesn't exist
mysql> show columns from category;
ERROR 1146 (42S02): Table 'kakeibo.category' doesn't exist
mysql> show columns from categories;
+-------------+-----------------+------+-----+---------+----------------+
| Field       | Type            | Null | Key | Default | Extra          |
+-------------+-----------------+------+-----+---------+----------------+
| id          | bigint unsigned | NO   | PRI | NULL    | auto_increment |
| kind_id     | bigint unsigned | YES  | MUL | NULL    |                |
| category    | varchar(255)    | NO   |     | NULL    |                |
| description | text            | YES  |     | NULL    |                |
| created_at  | timestamp       | YES  |     | NULL    |                |
| updated_at  | timestamp       | YES  |     | NULL    |                |
+-------------+-----------------+------+-----+---------+----------------+
6 rows in set (0.00 sec)

mysql> exit
Bye
(base) ta2ya@a-2 kakeibo % sail npm run build

> build
> vite build

vite v3.1.3 building for production...
✓ 59 modules transformed.
public/build/manifest.json             0.25 KiB
public/build/assets/app.72b316c7.css   24.46 KiB / gzip: 4.97 KiB
public/build/assets/app.ab93cf8a.js    129.03 KiB / gzip: 46.78 KiB
(base) ta2ya@a-2 kakeibo % sail npm run build

> build
> vite build

vite v3.1.3 building for production...
✓ 59 modules transformed.
public/build/manifest.json             0.25 KiB
public/build/assets/app.6df75664.css   24.46 KiB / gzip: 4.98 KiB
public/build/assets/app.ab93cf8a.js    129.03 KiB / gzip: 46.78 KiB
(base) ta2ya@a-2 kakeibo % sail npm run build

> build
> vite build

vite v3.1.3 building for production...
✓ 59 modules transformed.
public/build/manifest.json             0.25 KiB
public/build/assets/app.6fc245b7.css   24.54 KiB / gzip: 4.99 KiB
public/build/assets/app.ab93cf8a.js    129.03 KiB / gzip: 46.78 KiB
(base) ta2ya@a-2 kakeibo % sail php artisan route:list | grep catgory
(base) ta2ya@a-2 kakeibo % sail php artisan route:list | grep category 
  GET|HEAD        category ......... category.index › CategoryController@index
  POST            category ......... category.store › CategoryController@store
  GET|HEAD        category/create category.create › CategoryController@create
  GET|HEAD        category/{category} category.show › CategoryController@show
  PUT|PATCH       category/{category} category.update › CategoryController@up…
  DELETE          category/{category} category.destroy › CategoryController@d…
  GET|HEAD        category/{category}/edit category.edit › CategoryController…
(base) ta2ya@a-2 kakeibo % sail mysql              
Reading table information for completion of table and column names
You can turn off this feature to get a quicker startup with -A

Welcome to the MySQL monitor.  Commands end with ; or \g.
Your MySQL connection id is 57
Server version: 8.0.30 MySQL Community Server - GPL

Copyright (c) 2000, 2022, Oracle and/or its affiliates.

Oracle is a registered trademark of Oracle Corporation and/or its
affiliates. Other names may be trademarks of their respective
owners.

Type 'help;' or '\h' for help. Type '\c' to clear the current input statement.

mysql> show tables from kakeibo;
+------------------------+
| Tables_in_kakeibo      |
+------------------------+
| categories             |
| failed_jobs            |
| kinds                  |
| migrations             |
| password_resets        |
| personal_access_tokens |
| transactions           |
| users                  |
+------------------------+
8 rows in set (0.01 sec)

mysql> exit
Bye
(base) ta2ya@a-2 kakeibo %         











# migrationをいろいろ

(base) ta2ya@a-2 kakeibo % sail php artisan migrate

   INFO  Nothing to migrate.  

(base) ta2ya@a-2 kakeibo % sail mysql
Reading table information for completion of table and column names
You can turn off this feature to get a quicker startup with -A

Welcome to the MySQL monitor.  Commands end with ; or \g.
Your MySQL connection id is 80
Server version: 8.0.30 MySQL Community Server - GPL

Copyright (c) 2000, 2022, Oracle and/or its affiliates.

Oracle is a registered trademark of Oracle Corporation and/or its
affiliates. Other names may be trademarks of their respective
owners.

Type 'help;' or '\h' for help. Type '\c' to clear the current input statement.

mysql> show columns from transactions;
+------------+-----------------+------+-----+---------+----------------+
| Field      | Type            | Null | Key | Default | Extra          |
+------------+-----------------+------+-----+---------+----------------+
| id         | bigint unsigned | NO   | PRI | NULL    | auto_increment |
| created_at | timestamp       | YES  |     | NULL    |                |
| updated_at | timestamp       | YES  |     | NULL    |                |
+------------+-----------------+------+-----+---------+----------------+
3 rows in set (0.01 sec)

mysql> sail php artisan migrate:status
    -> ^C
mysql> exit
Bye
(base) ta2ya@a-2 kakeibo % sail php artisan migrate:status

  Migration name .................................................................................................................... Batch / Status  
  2014_10_12_000000_create_users_table ..................................................................................................... [1] Ran  
  2014_10_12_100000_create_password_resets_table ........................................................................................... [1] Ran  
  2019_08_19_000000_create_failed_jobs_table ............................................................................................... [1] Ran  
  2019_12_14_000001_create_personal_access_tokens_table .................................................................................... [1] Ran  
  2022_09_21_135959_create_transactions_table .............................................................................................. [2] Ran  
  2022_09_21_141753_create_categories_table ................................................................................................ [2] Ran  
  2022_09_22_070659_create_kinds_table ..................................................................................................... [3] Ran  
  2022_09_22_075326_add_kind_id_to_categories_table ........................................................................................ [4] Ran  

(base) ta2ya@a-2 kakeibo % sail php artisan migrate:refresh --step=1 --path=/database/migrations/2022_09_21_135959_create_transactions_table.php 

   ParseError 

  syntax error, unexpected token "}"

  at database/migrations/2022_09_21_135959_create_transactions_table.php:45
     41▕ 
     42▕             $table->dropForeign(['category_id']);
     43▕             $table->dropColumn(['category_id']);
     44▕         })
  ➜  45▕     }
     46▕ };
     47▕ 

      +32 vendor frames 
  33  artisan:37
      Illuminate\Foundation\Console\Kernel::handle()
(base) ta2ya@a-2 kakeibo % sail php artisan migrate:refresh --step=1 --path=/database/migrations/2022_09_21_135959_create_transactions_table.php

   INFO  Rolling back migrations.  

  2022_09_22_075326_add_kind_id_to_categories_table ............................................................................ Migration not found  

   INFO  Nothing to migrate.  

(base) ta2ya@a-2 kakeibo % show columns from transactions;
zsh: command not found: show
(base) ta2ya@a-2 kakeibo % sail mysql
Reading table information for completion of table and column names
You can turn off this feature to get a quicker startup with -A

Welcome to the MySQL monitor.  Commands end with ; or \g.
Your MySQL connection id is 121
Server version: 8.0.30 MySQL Community Server - GPL

Copyright (c) 2000, 2022, Oracle and/or its affiliates.

Oracle is a registered trademark of Oracle Corporation and/or its
affiliates. Other names may be trademarks of their respective
owners.

Type 'help;' or '\h' for help. Type '\c' to clear the current input statement.

mysql> show columns from transactions;
+------------+-----------------+------+-----+---------+----------------+
| Field      | Type            | Null | Key | Default | Extra          |
+------------+-----------------+------+-----+---------+----------------+
| id         | bigint unsigned | NO   | PRI | NULL    | auto_increment |
| created_at | timestamp       | YES  |     | NULL    |                |
| updated_at | timestamp       | YES  |     | NULL    |                |
+------------+-----------------+------+-----+---------+----------------+
3 rows in set (0.01 sec)

mysql> exit
Bye
(base) ta2ya@a-2 kakeibo % sail php artisan migrate:status                                                                                      

  Migration name .................................................................................................................... Batch / Status  
  2014_10_12_000000_create_users_table ..................................................................................................... [1] Ran  
  2014_10_12_100000_create_password_resets_table ........................................................................................... [1] Ran  
  2019_08_19_000000_create_failed_jobs_table ............................................................................................... [1] Ran  
  2019_12_14_000001_create_personal_access_tokens_table .................................................................................... [1] Ran  
  2022_09_21_135959_create_transactions_table .............................................................................................. [2] Ran  
  2022_09_21_141753_create_categories_table ................................................................................................ [2] Ran  
  2022_09_22_070659_create_kinds_table ..................................................................................................... [3] Ran  
  2022_09_22_075326_add_kind_id_to_categories_table ........................................................................................ [4] Ran  

(base) ta2ya@a-2 kakeibo % sail php artisan migrate:refresh --step=2 --path=/database/migrations/2022_09_21_135959_create_transactions_table.php

   INFO  Rolling back migrations.  

  2022_09_22_075326_add_kind_id_to_categories_table ............................................................................ Migration not found  
  2022_09_22_070659_create_kinds_table ......................................................................................... Migration not found  

   INFO  Nothing to migrate.  

(base) ta2ya@a-2 kakeibo % sail mysql
Reading table information for completion of table and column names
You can turn off this feature to get a quicker startup with -A

Welcome to the MySQL monitor.  Commands end with ; or \g.
Your MySQL connection id is 148
Server version: 8.0.30 MySQL Community Server - GPL

Copyright (c) 2000, 2022, Oracle and/or its affiliates.

Oracle is a registered trademark of Oracle Corporation and/or its
affiliates. Other names may be trademarks of their respective
owners.

Type 'help;' or '\h' for help. Type '\c' to clear the current input statement.

mysql> show columns from transactions;
+------------+-----------------+------+-----+---------+----------------+
| Field      | Type            | Null | Key | Default | Extra          |
+------------+-----------------+------+-----+---------+----------------+
| id         | bigint unsigned | NO   | PRI | NULL    | auto_increment |
| created_at | timestamp       | YES  |     | NULL    |                |
| updated_at | timestamp       | YES  |     | NULL    |                |
+------------+-----------------+------+-----+---------+----------------+
3 rows in set (0.01 sec)

mysql> exit
Bye
(base) ta2ya@a-2 kakeibo % sail php artisan migrate:status                                                                                      

  Migration name .................................................................................................................... Batch / Status  
  2014_10_12_000000_create_users_table ..................................................................................................... [1] Ran  
  2014_10_12_100000_create_password_resets_table ........................................................................................... [1] Ran  
  2019_08_19_000000_create_failed_jobs_table ............................................................................................... [1] Ran  
  2019_12_14_000001_create_personal_access_tokens_table .................................................................................... [1] Ran  
  2022_09_21_135959_create_transactions_table .............................................................................................. [2] Ran  
  2022_09_21_141753_create_categories_table ................................................................................................ [2] Ran  
  2022_09_22_070659_create_kinds_table ..................................................................................................... [3] Ran  
  2022_09_22_075326_add_kind_id_to_categories_table ........................................................................................ [4] Ran  

(base) ta2ya@a-2 kakeibo % sail php artisan migrate:refresh --step=2 --path=/database/migrations/2022_09_21_135959_create_transactions_table.php

   INFO  Rolling back migrations.  

  2022_09_22_075326_add_kind_id_to_categories_table ............................................................................ Migration not found  
  2022_09_22_070659_create_kinds_table ......................................................................................... Migration not found  

   INFO  Nothing to migrate.  

(base) ta2ya@a-2 kakeibo % sail php artisan migrate:refresh --step=2 --path=/database/migrations/2022_09_21_135959_create_transactions_table.php

   INFO  Rolling back migrations.  

  2022_09_22_075326_add_kind_id_to_categories_table ............................................................................ Migration not found  
  2022_09_22_070659_create_kinds_table ......................................................................................... Migration not found  

   INFO  Nothing to migrate.  

(base) ta2ya@a-2 kakeibo % sail php artisan migrate:status                                                                                      

  Migration name .................................................................................................................... Batch / Status  
  2014_10_12_000000_create_users_table ..................................................................................................... [1] Ran  
  2014_10_12_100000_create_password_resets_table ........................................................................................... [1] Ran  
  2019_08_19_000000_create_failed_jobs_table ............................................................................................... [1] Ran  
  2019_12_14_000001_create_personal_access_tokens_table .................................................................................... [1] Ran  
  2022_09_21_135959_create_transactions_table .............................................................................................. [2] Ran  
  2022_09_21_141753_create_categories_table ................................................................................................ [2] Ran  
  2022_09_22_070659_create_kinds_table ..................................................................................................... [3] Ran  
  2022_09_22_075326_add_kind_id_to_categories_table ........................................................................................ [4] Ran  

(base) ta2ya@a-2 kakeibo % sail mysql                     
kkReading table information for completion of table and column names
You can turn off this feature to get a quicker startup with -A

Welcome to the MySQL monitor.  Commands end with ; or \g.
Your MySQL connection id is 1005
Server version: 8.0.30 MySQL Community Server - GPL

Copyright (c) 2000, 2022, Oracle and/or its affiliates.

Oracle is a registered trademark of Oracle Corporation and/or its
affiliates. Other names may be trademarks of their respective
owners.

Type 'help;' or '\h' for help. Type '\c' to clear the current input statement.

mysql> show columns from categories;
+-------------+-----------------+------+-----+---------+----------------+
| Field       | Type            | Null | Key | Default | Extra          |
+-------------+-----------------+------+-----+---------+----------------+
| id          | bigint unsigned | NO   | PRI | NULL    | auto_increment |
| kind_id     | bigint unsigned | YES  | MUL | NULL    |                |
| category    | varchar(255)    | NO   |     | NULL    |                |
| description | text            | YES  |     | NULL    |                |
| created_at  | timestamp       | YES  |     | NULL    |                |
| updated_at  | timestamp       | YES  |     | NULL    |                |
+-------------+-----------------+------+-----+---------+----------------+
6 rows in set (0.01 sec)

mysql> exit
Bye
(base) ta2ya@a-2 kakeibo %                           
(base) ta2ya@a-2 kakeibo % 
(base) ta2ya@a-2 kakeibo % 
(base) ta2ya@a-2 kakeibo % 
(base) ta2ya@a-2 kakeibo % 
(base) ta2ya@a-2 kakeibo % 
(base) ta2ya@a-2 kakeibo % 
(base) ta2ya@a-2 kakeibo % 
(base) ta2ya@a-2 kakeibo % 
(base) ta2ya@a-2 kakeibo % 
(base) ta2ya@a-2 kakeibo % 
(base) ta2ya@a-2 kakeibo % 
(base) ta2ya@a-2 kakeibo % DBwo
zsh: command not found: DBwo
(base) ta2ya@a-2 kakeibo % DBをfreshする
zsh: command not found: DBをfreshする
(base) ta2ya@a-2 kakeibo % php artisan migrate:fresh --seed
zsh: command not found: php
(base) ta2ya@a-2 kakeibo % sail php artisan migrate:fresh --seed

  Dropping all tables ................................................................................................................... 163ms DONE

   INFO  Preparing database.  

  Creating migration table ............................................................................................................... 30ms DONE

   INFO  Running migrations.  

  2014_10_12_000000_create_users_table ................................................................................................... 46ms DONE
  2014_10_12_100000_create_password_resets_table ......................................................................................... 28ms DONE
  2019_08_19_000000_create_failed_jobs_table ............................................................................................. 34ms DONE
  2019_12_14_000001_create_personal_access_tokens_table .................................................................................. 50ms DONE
  2022_09_21_135959_create_transactions_table ............................................................................................. 5ms FAIL

   Illuminate\Database\QueryException 

  SQLSTATE[42000]: Syntax error or access violation: 1064 You have an error in your SQL syntax; check the manual that corresponds to your MySQL server version for the right syntax to use near ') default character set utf8mb4 collate 'utf8mb4_unicode_ci'' at line 1 (SQL: create table `transactions` () default character set utf8mb4 collate 'utf8mb4_unicode_ci')

  at vendor/laravel/framework/src/Illuminate/Database/Connection.php:759
    755▕         // If an exception occurs when attempting to run a query, we'll format the error
    756▕         // message to include the bindings with SQL, which will make this exception a
    757▕         // lot more helpful to the developer instead of just the database's errors.
    758▕         catch (Exception $e) {
  ➜ 759▕             throw new QueryException(
    760▕                 $query, $this->prepareBindings($bindings), $e
    761▕             );
    762▕         }
    763▕     }

      +9 vendor frames 
  10  database/migrations/2022_09_21_135959_create_transactions_table.php:26
      Illuminate\Support\Facades\Facade::__callStatic()

      +36 vendor frames 
  47  artisan:37
      Illuminate\Foundation\Console\Kernel::handle()
(base) ta2ya@a-2 kakeibo % sail php artisan migrate:fresh --seed

  Dropping all tables .................................................................................................................... 87ms DONE

   INFO  Preparing database.  

  Creating migration table ............................................................................................................... 28ms DONE

   INFO  Running migrations.  

  2014_10_12_000000_create_users_table ................................................................................................... 42ms DONE
  2014_10_12_100000_create_password_resets_table ......................................................................................... 31ms DONE
  2019_08_19_000000_create_failed_jobs_table ............................................................................................. 31ms DONE
  2019_12_14_000001_create_personal_access_tokens_table .................................................................................. 47ms DONE
  2022_09_21_135959_create_transactions_table ............................................................................................. 1ms DONE
  2022_09_21_141753_create_categories_table ............................................................................................... 0ms DONE
  2022_09_22_070659_create_kinds_table .................................................................................................... 0ms DONE
  2022_09_22_075326_add_kind_id_to_categories_table ....................................................................................... 0ms DONE

   INFO  Seeding database.  

(base) ta2ya@a-2 kakeibo % sail php artisan make:mode Kind -m

   ERROR  Model already exists.  

(base) ta2ya@a-2 kakeibo % sail php artisan migrate

   INFO  Nothing to migrate.  

(base) ta2ya@a-2 kakeibo % sail php artisan make:mode Kind -m

   INFO  Model created successfully.  

   INFO  Created migration [2022_09_22_233744_create_kinds_table].  

(base) ta2ya@a-2 kakeibo % sail php artisan migrate          

   INFO  Running migrations.  

  2022_09_22_233744_create_kinds_table ................................................................................................... 33ms DONE

(base) ta2ya@a-2 kakeibo % sail php artisan make:mode Category -m

   INFO  Model created successfully.  

   INFO  Created migration [2022_09_22_233959_create_categories_table].  

(base) ta2ya@a-2 kakeibo % sail php artisan migrate              

   INFO  Running migrations.  

  2022_09_22_233959_create_categories_table .............................................................................................. 14ms FAIL

   Illuminate\Database\QueryException 

  SQLSTATE[42000]: Syntax error or access violation: 1064 You have an error in your SQL syntax; check the manual that corresponds to your MySQL server version for the right syntax to use near 'after `id`, `category` varchar(255) not null, `description` text null, `created_' at line 1 (SQL: create table `categories` (`id` bigint unsigned not null auto_increment primary key, `kind_id` bigint unsigned not null after `id`, `category` varchar(255) not null, `description` text null, `created_at` timestamp null, `updated_at` timestamp null) default character set utf8mb4 collate 'utf8mb4_unicode_ci')

  at vendor/laravel/framework/src/Illuminate/Database/Connection.php:759
    755▕         // If an exception occurs when attempting to run a query, we'll format the error
    756▕         // message to include the bindings with SQL, which will make this exception a
    757▕         // lot more helpful to the developer instead of just the database's errors.
    758▕         catch (Exception $e) {
  ➜ 759▕             throw new QueryException(
    760▕                 $query, $this->prepareBindings($bindings), $e
    761▕             );
    762▕         }
    763▕     }

      +9 vendor frames 
  10  database/migrations/2022_09_22_233959_create_categories_table.php:22
      Illuminate\Support\Facades\Facade::__callStatic()

      +25 vendor frames 
  36  artisan:37
      Illuminate\Foundation\Console\Kernel::handle()
(base) ta2ya@a-2 kakeibo % sail php artisan migrate

   INFO  Running migrations.  

  2022_09_22_233959_create_categories_table .............................................................................................. 13ms FAIL

   Illuminate\Database\QueryException 

  SQLSTATE[42000]: Syntax error or access violation: 1064 You have an error in your SQL syntax; check the manual that corresponds to your MySQL server version for the right syntax to use near 'after `id`, `category` varchar(255) not null, `description` text null, `created_' at line 1 (SQL: create table `categories` (`id` bigint unsigned not null auto_increment primary key, `kind_id` bigint unsigned not null after `id`, `category` varchar(255) not null, `description` text null, `created_at` timestamp null, `updated_at` timestamp null) default character set utf8mb4 collate 'utf8mb4_unicode_ci')

  at vendor/laravel/framework/src/Illuminate/Database/Connection.php:759
    755▕         // If an exception occurs when attempting to run a query, we'll format the error
    756▕         // message to include the bindings with SQL, which will make this exception a
    757▕         // lot more helpful to the developer instead of just the database's errors.
    758▕         catch (Exception $e) {
  ➜ 759▕             throw new QueryException(
    760▕                 $query, $this->prepareBindings($bindings), $e
    761▕             );
    762▕         }
    763▕     }

      +9 vendor frames 
  10  database/migrations/2022_09_22_233959_create_categories_table.php:22
      Illuminate\Support\Facades\Facade::__callStatic()

      +25 vendor frames 
  36  artisan:37
      Illuminate\Foundation\Console\Kernel::handle()
(base) ta2ya@a-2 kakeibo % sail php artisan migrate

   INFO  Running migrations.  

  2022_09_22_233959_create_categories_table .............................................................................................. 12ms FAIL

   Illuminate\Database\QueryException 

  SQLSTATE[42000]: Syntax error or access violation: 1064 You have an error in your SQL syntax; check the manual that corresponds to your MySQL server version for the right syntax to use near 'after `id`, `category` varchar(255) not null, `description` text null, `created_' at line 1 (SQL: create table `categories` (`id` bigint unsigned not null auto_increment primary key, `kind_id` bigint unsigned null after `id`, `category` varchar(255) not null, `description` text null, `created_at` timestamp null, `updated_at` timestamp null) default character set utf8mb4 collate 'utf8mb4_unicode_ci')

  at vendor/laravel/framework/src/Illuminate/Database/Connection.php:759
    755▕         // If an exception occurs when attempting to run a query, we'll format the error
    756▕         // message to include the bindings with SQL, which will make this exception a
    757▕         // lot more helpful to the developer instead of just the database's errors.
    758▕         catch (Exception $e) {
  ➜ 759▕             throw new QueryException(
    760▕                 $query, $this->prepareBindings($bindings), $e
    761▕             );
    762▕         }
    763▕     }

      +9 vendor frames 
  10  database/migrations/2022_09_22_233959_create_categories_table.php:22
      Illuminate\Support\Facades\Facade::__callStatic()

      +25 vendor frames 
  36  artisan:37
      Illuminate\Foundation\Console\Kernel::handle()
(base) ta2ya@a-2 kakeibo % sail php artisan migrate

   INFO  Running migrations.  

  2022_09_22_233959_create_categories_table .............................................................................................. 15ms FAIL

   Illuminate\Database\QueryException 

  SQLSTATE[42000]: Syntax error or access violation: 1064 You have an error in your SQL syntax; check the manual that corresponds to your MySQL server version for the right syntax to use near 'after `id`, `category` varchar(255) not null, `description` text null, `created_' at line 1 (SQL: create table `categories` (`id` bigint unsigned not null auto_increment primary key, `kind_id` bigint unsigned not null after `id`, `category` varchar(255) not null, `description` text null, `created_at` timestamp null, `updated_at` timestamp null) default character set utf8mb4 collate 'utf8mb4_unicode_ci')

  at vendor/laravel/framework/src/Illuminate/Database/Connection.php:759
    755▕         // If an exception occurs when attempting to run a query, we'll format the error
    756▕         // message to include the bindings with SQL, which will make this exception a
    757▕         // lot more helpful to the developer instead of just the database's errors.
    758▕         catch (Exception $e) {
  ➜ 759▕             throw new QueryException(
    760▕                 $query, $this->prepareBindings($bindings), $e
    761▕             );
    762▕         }
    763▕     }

      +9 vendor frames 
  10  database/migrations/2022_09_22_233959_create_categories_table.php:22
      Illuminate\Support\Facades\Facade::__callStatic()

      +25 vendor frames 
  36  artisan:37
      Illuminate\Foundation\Console\Kernel::handle()
(base) ta2ya@a-2 kakeibo % sail php artisan migrate

   INFO  Running migrations.  

  2022_09_22_233959_create_categories_table .............................................................................................. 69ms DONE

(base) ta2ya@a-2 kakeibo % sail php artisan migrate:fresh --seed 

  Dropping all tables ................................................................................................................... 101ms DONE

   INFO  Preparing database.  

  Creating migration table ............................................................................................................... 26ms DONE

   INFO  Running migrations.  

  2014_10_12_000000_create_users_table ................................................................................................... 38ms DONE
  2014_10_12_100000_create_password_resets_table ......................................................................................... 29ms DONE
  2019_08_19_000000_create_failed_jobs_table ............................................................................................. 32ms DONE
  2019_12_14_000001_create_personal_access_tokens_table .................................................................................. 44ms DONE
  2022_09_21_135959_create_transactions_table ............................................................................................. 0ms DONE
  2022_09_21_141753_create_categories_table ............................................................................................... 0ms DONE
  2022_09_22_070659_create_kinds_table ................................................................................................... 19ms DONE
  2022_09_22_075326_add_kind_id_to_categories_table ....................................................................................... 0ms DONE
  2022_09_22_233744_create_kinds_table .................................................................................................... 0ms DONE
  2022_09_22_233959_create_categories_table ............................................................................................... 0ms DONE

   INFO  Seeding database.  

(base) ta2ya@a-2 kakeibo % sail php artisan make:model Kind -m  

   INFO  Model created successfully.  

   INFO  Created migration [2022_09_23_000144_create_kinds_table].  

(base) ta2ya@a-2 kakeibo % sail php artisan migrate             

   INFO  Running migrations.  

  2022_09_23_000144_create_kinds_table .................................................................................................... 9ms FAIL

   Illuminate\Database\QueryException 

  SQLSTATE[42S01]: Base table or view already exists: 1050 Table 'kinds' already exists (SQL: create table `kinds` (`id` bigint unsigned not null auto_increment primary key, `created_at` timestamp null, `updated_at` timestamp null) default character set utf8mb4 collate 'utf8mb4_unicode_ci')

  at vendor/laravel/framework/src/Illuminate/Database/Connection.php:759
    755▕         // If an exception occurs when attempting to run a query, we'll format the error
    756▕         // message to include the bindings with SQL, which will make this exception a
    757▕         // lot more helpful to the developer instead of just the database's errors.
    758▕         catch (Exception $e) {
  ➜ 759▕             throw new QueryException(
    760▕                 $query, $this->prepareBindings($bindings), $e
    761▕             );
    762▕         }
    763▕     }

      +9 vendor frames 
  10  database/migrations/2022_09_23_000144_create_kinds_table.php:19
      Illuminate\Support\Facades\Facade::__callStatic()

      +25 vendor frames 
  36  artisan:37
      Illuminate\Foundation\Console\Kernel::handle()
(base) ta2ya@a-2 kakeibo % sail php artisan migrate

   INFO  Nothing to migrate.  

(base) ta2ya@a-2 kakeibo % sail php artisan migrate            

   INFO  Nothing to migrate.  

(base) ta2ya@a-2 kakeibo % sail php artisan make:model Category -m

   INFO  Model created successfully.  

   INFO  Created migration [2022_09_23_001015_create_categories_table].  

(base) ta2ya@a-2 kakeibo % sail php artisan migrate               

   INFO  Running migrations.  

  2022_09_23_001015_create_categories_table .............................................................................................. 65ms DONE

(base) ta2ya@a-2 kakeibo % sail php artisan make:model Transaction -m

   INFO  Model created successfully.  

   INFO  Created migration [2022_09_23_001302_create_transactions_table].  

(base) ta2ya@a-2 kakeibo % sail php artisan migrate                  

   INFO  Running migrations.  

  2022_09_23_001302_create_transactions_table ............................................................................................ 16ms FAIL

   Illuminate\Database\QueryException 

  SQLSTATE[42000]: Syntax error or access violation: 1064 You have an error in your SQL syntax; check the manual that corresponds to your MySQL server version for the right syntax to use near 'after `kind_id`, `price` int not null, `date` date not null, `place` varchar(255' at line 1 (SQL: create table `transactions` (`id` bigint unsigned not null auto_increment primary key, `kind_id` bigint unsigned not null, `category_id` bigint unsigned not null after `kind_id`, `price` int not null, `date` date not null, `place` varchar(255) null, `note` varchar(255) null, `created_at` timestamp null, `updated_at` timestamp null) default character set utf8mb4 collate 'utf8mb4_unicode_ci')

  at vendor/laravel/framework/src/Illuminate/Database/Connection.php:759
    755▕         // If an exception occurs when attempting to run a query, we'll format the error
    756▕         // message to include the bindings with SQL, which will make this exception a
    757▕         // lot more helpful to the developer instead of just the database's errors.
    758▕         catch (Exception $e) {
  ➜ 759▕             throw new QueryException(
    760▕                 $query, $this->prepareBindings($bindings), $e
    761▕             );
    762▕         }
    763▕     }

      +9 vendor frames 
  10  database/migrations/2022_09_23_001302_create_transactions_table.php:26
      Illuminate\Support\Facades\Facade::__callStatic()

      +25 vendor frames 
  36  artisan:37
      Illuminate\Foundation\Console\Kernel::handle()
(base) ta2ya@a-2 kakeibo % sail php artisan migrate

   INFO  Running migrations.  

  2022_09_23_001302_create_transactions_table ........................................................................................... 103ms DONE

(base) ta2ya@a-2 kakeibo % 



> vite build

vite v3.1.3 building for production...
✓ 59 modules transformed.
public/build/manifest.json             0.25 KiB
public/build/assets/app.8aeb97a6.css   24.46 KiB / gzip: 4.97 KiB
public/build/assets/app.ab93cf8a.js    129.03 KiB / gzip: 46.78 KiB
(base) ta2ya@a-2 kakeibo % git status 
On branch develop
Your branch is ahead of 'origin/develop' by 2 commits.
  (use "git push" to publish your local commits)

Changes not staged for commit:
  (use "git add <file>..." to update what will be committed)
  (use "git restore <file>..." to discard changes in working directory)
        modified:   app/Http/Controllers/TransactionController.php
        modified:   resources/views/transaction/index.blade.php
        modified:   resources/views/transaction/show.blade.php

no changes added to commit (use "git add" and/or "git commit -a")
(base) ta2ya@a-2 kakeibo % git add .
(base) ta2ya@a-2 kakeibo % git status
On branch develop
Your branch is ahead of 'origin/develop' by 2 commits.
  (use "git push" to publish your local commits)

Changes to be committed:
  (use "git restore --staged <file>..." to unstage)
        modified:   app/Http/Controllers/TransactionController.php
        modified:   resources/views/transaction/index.blade.php
        modified:   resources/views/transaction/show.blade.php

(base) ta2ya@a-2 kakeibo % git restore --staged resources/views/transaction/show.blade.php 
(base) ta2ya@a-2 kakeibo % git status                                                     
On branch develop
Your branch is ahead of 'origin/develop' by 2 commits.
  (use "git push" to publish your local commits)

Changes to be committed:
  (use "git restore --staged <file>..." to unstage)
        modified:   app/Http/Controllers/TransactionController.php
        modified:   resources/views/transaction/index.blade.php

Changes not staged for commit:
  (use "git add <file>..." to update what will be committed)
  (use "git restore <file>..." to discard changes in working directory)
        modified:   resources/views/transaction/show.blade.php

(base) ta2ya@a-2 kakeibo % sail down                                                      
[+] Running 7/7
[+] Running 8/8keibo-laravel.test-1  Removed                                                                                                         1.2s
 ⠿ Container kakeibo-laravel.test-1  Removed                                                                                                         1.2s
 ⠿ Container kakeibo-phpmyadmin-1    Removed                                                                                                         1.3s
 ⠿ Container kakeibo-mailhog-1       Removed                                                                                                         0.3s
 ⠿ Container kakeibo-redis-1         Removed                                                                                                         0.3s
 ⠿ Container kakeibo-meilisearch-1   Removed                                                                                                         0.3s
 ⠿ Container kakeibo-selenium-1      Removed                                                                                                         4.2s
 ⠿ Container kakeibo-mysql-1         Removed                                                                                                         1.8s
 ⠿ Network kakeibo_sail              Removed                                                                                                         0.1s
(base) ta2ya@a-2 kakeibo % sail down
(base) ta2ya@a-2 kakeibo % sail up -d
[+] Running 6/6
[+] Running 3/8ibo_sail              Created                                                                                                         0.0s
[+] Running 3/8ibo_sail              Created                                                                                                         0.0s
[+] Running 3/8ibo_sail              Created                                                                                                         0.0s
[+] Running 3/8ibo_sail              Created                                                                                                         0.0s
[+] Running 4/8ibo_sail              Created                                                                                                         0.0s
[+] Running 5/8ibo_sail              Created                                                                                                         0.0s
[+] Running 7/8ibo_sail              Created                                                                                                         0.0s
[+] Running 6/8ibo_sail              Created                                                                                                         0.0s
[+] Running 6/8ibo_sail              Created                                                                                                         0.0s
[+] Running 6/8ibo_sail              Created                                                                                                         0.0s
[+] Running 7/8ibo_sail              Created                                                                                                         0.0s
[+] Running 7/8ibo_sail              Created                                                                                                         0.0s
[+] Running 7/8ibo_sail              Created                                                                                                         0.0s
[+] Running 7/8ibo_sail              Created                                                                                                         0.0s
[+] Running 7/8ibo_sail              Created                                                                                                         0.0s
[+] Running 7/8ibo_sail              Created                                                                                                         0.0s
[+] Running 7/8ibo_sail              Created                                                                                                         0.0s
[+] Running 7/8ibo_sail              Created                                                                                                         0.0s
[+] Running 7/8ibo_sail              Created                                                                                                         0.0s
[+] Running 7/8ibo_sail              Created                                                                                                         0.0s
[+] Running 7/8ibo_sail              Created                                                                                                         0.0s
[+] Running 7/8ibo_sail              Created                                                                                                         0.0s
[+] Running 7/8ibo_sail              Created                                                                                                         0.0s
[+] Running 8/8ibo_sail              Created                                                                                                         0.0s
 ⠿ Network kakeibo_sail              Created                                                                                                         0.0s
 ⠿ Container kakeibo-selenium-1      Started                                                                                                         0.6s
 ⠿ Container kakeibo-mysql-1         Started                                                                                                         0.9s
 ⠿ Container kakeibo-redis-1         Started                                                                                                         0.8s
 ⠿ Container kakeibo-mailhog-1       Started                                                                                                         0.8s
 ⠿ Container kakeibo-meilisearch-1   Started                                                                                                         0.7s
 ⠿ Container kakeibo-laravel.test-1  Started                                                                                                         2.4s
 ⠿ Container kakeibo-phpmyadmin-1    Started                                                                                                         1.1s
(base) ta2ya@a-2 kakeibo % sail down
[+] Running 7/7
[+] Running 8/8keibo-laravel.test-1  Removed                                                                                                         0.2s
 ⠿ Container kakeibo-laravel.test-1  Removed                                                                                                         0.2s
 ⠿ Container kakeibo-phpmyadmin-1    Removed                                                                                                         1.2s
 ⠿ Container kakeibo-mailhog-1       Removed                                                                                                         0.2s
 ⠿ Container kakeibo-selenium-1      Removed                                                                                                         4.5s
 ⠿ Container kakeibo-redis-1         Removed                                                                                                         0.3s
 ⠿ Container kakeibo-meilisearch-1   Removed                                                                                                         0.3s
 ⠿ Container kakeibo-mysql-1         Removed                                                                                                         1.4s
 ⠿ Network kakeibo_sail              Removed                                                                                                         0.1s
(base) ta2ya@a-2 kakeibo % 
 *  History restored 

(base) ta2ya@a-2 kakeibo % sail up -d
[+] Running 8/8
 ⠿ Network kakeibo_sail              Created                                                                                                                                                0.0s
 ⠿ Container kakeibo-selenium-1      Started                                                                                                                                                1.1s
 ⠿ Container kakeibo-mysql-1         Started                                                                                                                                                1.1s
 ⠿ Container kakeibo-mailhog-1       Started                                                                                                                                                1.1s
 ⠿ Container kakeibo-redis-1         Started                                                                                                                                                1.1s
 ⠿ Container kakeibo-meilisearch-1   Started                                                                                                                                                1.0s
 ⠿ Container kakeibo-laravel.test-1  Started                                                                                                                                                2.5s
 ⠿ Container kakeibo-phpmyadmin-1    Started                                                                                                                                                1.3s
(base) ta2ya@a-2 kakeibo % sail down
[+] Running 8/8
 ⠿ Container kakeibo-laravel.test-1  Removed                                                                                                                                                0.9s
 ⠿ Container kakeibo-phpmyadmin-1    Removed                                                                                                                                                1.4s
 ⠿ Container kakeibo-mailhog-1       Removed                                                                                                                                                0.2s
 ⠿ Container kakeibo-selenium-1      Removed                                                                                                                                                4.7s
 ⠿ Container kakeibo-redis-1         Removed                                                                                                                                                0.3s
 ⠿ Container kakeibo-meilisearch-1   Removed                                                                                                                                                0.4s
 ⠿ Container kakeibo-mysql-1         Removed                                                                                                                                                1.7s
 ⠿ Network kakeibo_sail              Removed                                                                                                                                                0.1s
(base) ta2ya@a-2 kakeibo % sail up -d
[+] Running 8/8
 ⠿ Network kakeibo_sail              Created                                                                                                                                                0.0s
 ⠿ Container kakeibo-meilisearch-1   Started                                                                                                                                                0.8s
 ⠿ Container kakeibo-selenium-1      Started                                                                                                                                                0.8s
 ⠿ Container kakeibo-mailhog-1       Started                                                                                                                                                0.9s
 ⠿ Container kakeibo-mysql-1         Started                                                                                                                                                0.9s
 ⠿ Container kakeibo-redis-1         Started                                                                                                                                                0.8s
 ⠿ Container kakeibo-phpmyadmin-1    Started                                                                                                                                                1.1s
 ⠿ Container kakeibo-laravel.test-1  Started                                                                                                                                                2.3s
(base) ta2ya@a-2 kakeibo % sail npm run build

> build
> vite build

vite v3.1.3 building for production...
✓ 59 modules transformed.
public/build/manifest.json             0.25 KiB
public/build/assets/app.4650bfb0.css   24.64 KiB / gzip: 5.02 KiB
public/build/assets/app.ab93cf8a.js    129.03 KiB / gzip: 46.78 KiB
(base) ta2ya@a-2 kakeibo % sail npm run build

> build
> vite build

vite v3.1.3 building for production...
✓ 59 modules transformed.
public/build/manifest.json             0.25 KiB
public/build/assets/app.ca98b17b.css   24.54 KiB / gzip: 4.99 KiB
public/build/assets/app.ab93cf8a.js    129.03 KiB / gzip: 46.78 KiB
(base) ta2ya@a-2 kakeibo % sail npm run build

> build
> vite build

vite v3.1.3 building for production...
✓ 57 modules transformed.
public/build/manifest.json             0.25 KiB
public/build/assets/app.71598dc1.css   24.63 KiB / gzip: 4.99 KiB
public/build/assets/app.e8b13026.js    129.13 KiB / gzip: 46.78 KiB
(base) ta2ya@a-2 kakeibo % sail npm install chart.js

added 1 package, and audited 95 packages in 6s

18 packages are looking for funding
  run `npm fund` for details

found 0 vulnerabilities
(base) ta2ya@a-2 kakeibo % 




conda activate base
(base) ta2ya@a-2 kakeibo % conda activate base
(base) ta2ya@a-2 kakeibo % 
 *  History restored 

(base) ta2ya@a-2 kakeibo % sail npm run build

> build
> vite build

vite v3.1.3 building for production...
✓ 59 modules transformed.
public/build/manifest.json             0.25 KiB
public/build/assets/app.71598dc1.css   24.63 KiB / gzip: 4.99 KiB
public/build/assets/app.e7440c92.js    129.05 KiB / gzip: 46.79 KiB
(base) ta2ya@a-2 kakeibo % sail npm run build

> build
> vite build

vite v3.1.3 building for production...
✓ 59 modules transformed.
public/build/manifest.json             0.25 KiB
public/build/assets/app.71598dc1.css   24.63 KiB / gzip: 4.99 KiB
public/build/assets/app.e7440c92.js    129.05 KiB / gzip: 46.79 KiB
(base) ta2ya@a-2 kakeibo % sail npm run build

> build
> vite build

vite v3.1.3 building for production...
✓ 59 modules transformed.
public/build/manifest.json             0.25 KiB
public/build/assets/app.71598dc1.css   24.63 KiB / gzip: 4.99 KiB
public/build/assets/app.e7440c92.js    129.05 KiB / gzip: 46.79 KiB
(base) ta2ya@a-2 kakeibo % sail npm run dev  

> dev
> vite

error when starting dev server:
Error: Port 5173 is already in use
    at Server.onError (file:///var/www/html/node_modules/vite/dist/node/chunks/dep-557f29e6.js:52534:28)
    at Server.emit (node:events:513:28)
    at emitErrorNT (node:net:1459:8)
    at processTicksAndRejections (node:internal/process/task_queues:83:21)
(base) ta2ya@a-2 kakeibo % sail npm run dev

> dev
> vite


  VITE v3.1.3  ready in 794 ms

  ➜  Local:   http://localhost:5173/
  ➜  Network: http://192.168.96.8:5173/

  LARAVEL v9.31.0  plugin v0.6.1

  ➜  APP_URL: http://localhost
^C%                                                                                                                                                         
(base) ta2ya@a-2 kakeibo % sail npm run dev

> dev
> vite


  VITE v3.1.3  ready in 810 ms

  ➜  Local:   http://localhost:5173/
  ➜  Network: http://192.168.96.8:5173/

  LARAVEL v9.31.0  plugin v0.6.1

  ➜  APP_URL: http://localhost
^C%                                                                                                                                                         
(base) ta2ya@a-2 kakeibo % sail npm run dev

> dev
> vite


  VITE v3.1.3  ready in 814 ms

  ➜  Local:   http://localhost:5173/
  ➜  Network: http://192.168.96.8:5173/

  LARAVEL v9.31.0  plugin v0.6.1

  ➜  APP_URL: http://localhost
^C%                                                                                                                                                         
(base) ta2ya@a-2 kakeibo % sail npm run build

> build
> vite build

vite v3.1.3 building for production...
✓ 59 modules transformed.
public/build/manifest.json             0.25 KiB
public/build/assets/app.71598dc1.css   24.63 KiB / gzip: 4.99 KiB
public/build/assets/app.e7440c92.js    129.05 KiB / gzip: 46.79 KiB
(base) ta2ya@a-2 kakeibo % sail npm run dev  

> dev
> vite


  VITE v3.1.3  ready in 839 ms

  ➜  Local:   http://localhost:5173/
  ➜  Network: http://192.168.96.8:5173/

  LARAVEL v9.31.0  plugin v0.6.1

  ➜  APP_URL: http://localhost
^C%                                                                                                                                                         
(base) ta2ya@a-2 kakeibo % sail npm run build

> build
> vite build

vite v3.1.3 building for production...
✓ 59 modules transformed.
public/build/manifest.json             0.25 KiB
public/build/assets/app.71598dc1.css   24.63 KiB / gzip: 4.99 KiB
public/build/assets/app.e7440c92.js    129.05 KiB / gzip: 46.79 KiB
(base) ta2ya@a-2 kakeibo % sail npm run build

> build
> vite build

vite v3.1.3 building for production...
✓ 59 modules transformed.
public/build/manifest.json             0.25 KiB
public/build/assets/app.71598dc1.css   24.63 KiB / gzip: 4.99 KiB
public/build/assets/app.e7440c92.js    129.05 KiB / gzip: 46.79 KiB
(base) ta2ya@a-2 kakeibo % sail npm run dev  

> dev
> vite


  VITE v3.1.3  ready in 803 ms

  ➜  Local:   http://localhost:5173/
  ➜  Network: http://192.168.96.8:5173/

  LARAVEL v9.31.0  plugin v0.6.1

  ➜  APP_URL: http://localhost
^C%                                                                                                                                                         
(base) ta2ya@a-2 kakeibo % sail npm run dev

> dev
> vite


  VITE v3.1.3  ready in 825 ms

  ➜  Local:   http://localhost:5173/
  ➜  Network: http://192.168.96.8:5173/

  LARAVEL v9.31.0  plugin v0.6.1

  ➜  APP_URL: http://localhost
^C%                                                                                                                                                         
(base) ta2ya@a-2 kakeibo % sail npm run build

> build
> vite build

vite v3.1.3 building for production...
✓ 59 modules transformed.
public/build/manifest.json             0.25 KiB
public/build/assets/app.71598dc1.css   24.63 KiB / gzip: 4.99 KiB
public/build/assets/app.e7440c92.js    129.05 KiB / gzip: 46.79 KiB
(base) ta2ya@a-2 kakeibo % node -v
zsh: command not found: node
(base) ta2ya@a-2 kakeibo % sail node -v
v16.17.0
(base) ta2ya@a-2 kakeibo % sail npm -v
8.19.2
(base) ta2ya@a-2 kakeibo % npm install laravel-mix --save-dev
env: node: No such file or directory
(base) ta2ya@a-2 kakeibo % sail npm install laravel-mix --save-dev
npm WARN deprecated stable@0.1.8: Modern JS already guarantees Array#sort() is a stable sort, so this library is deprecated. See the compatibility table on MDN: https://developer.mozilla.org/en-US/docs/Web/JavaScript/Reference/Global_Objects/Array/sort#browser_compatibility
npm WARN deprecated querystring@0.2.0: The querystring API is considered Legacy. new code should use the URLSearchParams API instead.

added 685 packages, and audited 780 packages in 1m

79 packages are looking for funding
  run `npm fund` for details

found 0 vulnerabilities
(base) ta2ya@a-2 kakeibo % sail npm run dev

> dev
> vite


  VITE v3.1.3  ready in 2141 ms

  ➜  Local:   http://localhost:5173/
  ➜  Network: http://192.168.96.8:5173/

  LARAVEL v9.31.0  plugin v0.6.1

  ➜  APP_URL: http://localhost
^C%                                                                                                                                                         
(base) ta2ya@a-2 kakeibo % sail npm run dev

> dev
> vite


  VITE v3.1.3  ready in 834 ms

  ➜  Local:   http://localhost:5173/
  ➜  Network: http://192.168.96.8:5173/

  LARAVEL v9.31.0  plugin v0.6.1

  ➜  APP_URL: http://localhost
^C%                                                                                                                                                                                                                   
(base) ta2ya@a-2 kakeibo % git rm --cached .
fatal: not removing '.' recursively without -r
(base) ta2ya@a-2 kakeibo % git rm -r --cached . 
rm '.DS_Store'
rm '.editorconfig'
rm '.env.example'
rm '.gitattributes'
rm '.gitignore'
rm 'README.md'
rm 'README.pdf'
rm 'app/.DS_Store'
rm 'app/Console/Kernel.php'
rm 'app/Exceptions/Handler.php'
rm 'app/Http/Controllers/Auth/AuthenticatedSessionController.php'
rm 'app/Http/Controllers/Auth/ConfirmablePasswordController.php'
rm 'app/Http/Controllers/Auth/EmailVerificationNotificationController.php'
rm 'app/Http/Controllers/Auth/EmailVerificationPromptController.php'
rm 'app/Http/Controllers/Auth/NewPasswordController.php'
rm 'app/Http/Controllers/Auth/PasswordResetLinkController.php'
rm 'app/Http/Controllers/Auth/RegisteredUserController.php'
rm 'app/Http/Controllers/Auth/VerifyEmailController.php'
rm 'app/Http/Controllers/CategoryController.php'
rm 'app/Http/Controllers/Controller.php'
rm 'app/Http/Controllers/KindController.php'
rm 'app/Http/Controllers/TransactionController.php'
rm 'app/Http/Kernel.php'
rm 'app/Http/Middleware/Authenticate.php'
rm 'app/Http/Middleware/EncryptCookies.php'
rm 'app/Http/Middleware/PreventRequestsDuringMaintenance.php'
rm 'app/Http/Middleware/RedirectIfAuthenticated.php'
rm 'app/Http/Middleware/TrimStrings.php'
rm 'app/Http/Middleware/TrustHosts.php'
rm 'app/Http/Middleware/TrustProxies.php'
rm 'app/Http/Middleware/ValidateSignature.php'
rm 'app/Http/Middleware/VerifyCsrfToken.php'
rm 'app/Http/Requests/Auth/LoginRequest.php'
rm 'app/Models/.DS_Store'
rm 'app/Models/Category.php'
rm 'app/Models/Kind.php'
rm 'app/Models/Transaction.php'
rm 'app/Models/User.php'
rm 'app/Providers/AppServiceProvider.php'
rm 'app/Providers/AuthServiceProvider.php'
rm 'app/Providers/BroadcastServiceProvider.php'
rm 'app/Providers/EventServiceProvider.php'
rm 'app/Providers/RouteServiceProvider.php'
rm 'app/View/Components/AppLayout.php'
rm 'app/View/Components/GuestLayout.php'
rm 'artisan'
rm 'bootstrap/app.php'
rm 'bootstrap/cache/.gitignore'
rm 'command.ipynb'
rm 'command_log.txt'
rm 'composer.json'
rm 'composer.lock'
rm 'config/app.php'
rm 'config/auth.php'
rm 'config/broadcasting.php'
rm 'config/cache.php'
rm 'config/cors.php'
rm 'config/database.php'
rm 'config/filesystems.php'
rm 'config/hashing.php'
rm 'config/logging.php'
rm 'config/mail.php'
rm 'config/queue.php'
rm 'config/sanctum.php'
rm 'config/services.php'
rm 'config/session.php'
rm 'config/view.php'
rm 'database/.DS_Store'
rm 'database/.gitignore'
rm 'database/factories/UserFactory.php'
rm 'database/migrations/.DS_Store'
rm 'database/migrations/2014_10_12_000000_create_users_table.php'
rm 'database/migrations/2014_10_12_100000_create_password_resets_table.php'
rm 'database/migrations/2019_08_19_000000_create_failed_jobs_table.php'
rm 'database/migrations/2019_12_14_000001_create_personal_access_tokens_table.php'
rm 'database/migrations/2022_09_22_070659_create_kinds_table.php'
rm 'database/migrations/2022_09_23_001015_create_categories_table.php'
rm 'database/migrations/2022_09_23_001302_create_transactions_table.php'
rm 'database/seeders/DatabaseSeeder.php'
rm 'docker-compose.yml'
rm 'lang/en/auth.php'
rm 'lang/en/pagination.php'
rm 'lang/en/passwords.php'
rm 'lang/en/validation.php'
rm 'package-lock.json'
rm 'package.json'
rm 'phpunit.xml'
rm 'postcss.config.js'
rm 'public/.htaccess'
rm 'public/favicon.ico'
rm 'public/index.php'
rm 'public/robots.txt'
rm 'resources/css/app.css'
rm 'resources/js/app.js'
rm 'resources/js/bootstrap.js'
rm 'resources/js/chartjs.js'
rm 'resources/views/auth/confirm-password.blade.php'
rm 'resources/views/auth/forgot-password.blade.php'
rm 'resources/views/auth/login.blade.php'
rm 'resources/views/auth/register.blade.php'
rm 'resources/views/auth/reset-password.blade.php'
rm 'resources/views/auth/verify-email.blade.php'
rm 'resources/views/category/create.blade.php'
rm 'resources/views/category/edit.blade.php'
rm 'resources/views/category/index.blade.php'
rm 'resources/views/category/show.blade.php'
rm 'resources/views/chartjs.blade.php'
rm 'resources/views/common/errors.blade.php'
rm 'resources/views/components/application-logo.blade.php'
rm 'resources/views/components/auth-card.blade.php'
rm 'resources/views/components/auth-session-status.blade.php'
rm 'resources/views/components/auth-validation-errors.blade.php'
rm 'resources/views/components/dropdown-link.blade.php'
rm 'resources/views/components/dropdown.blade.php'
rm 'resources/views/components/input-label.blade.php'
rm 'resources/views/components/nav-link.blade.php'
rm 'resources/views/components/primary-button.blade.php'
rm 'resources/views/components/responsive-nav-link.blade.php'
rm 'resources/views/components/text-input.blade.php'
rm 'resources/views/dashboard.blade.php'
rm 'resources/views/kind/create.blade.php'
rm 'resources/views/kind/edit.blade.php'
rm 'resources/views/kind/index.blade.php'
rm 'resources/views/kind/show.blade.php'
rm 'resources/views/layouts/app.blade.php'
rm 'resources/views/layouts/guest.blade.php'
rm 'resources/views/layouts/navigation.blade.php'
rm 'resources/views/transaction/create.blade.php'
rm 'resources/views/transaction/edit.blade.php'
rm 'resources/views/transaction/index.blade.php'
rm 'resources/views/transaction/show.blade.php'
rm 'resources/views/welcome.blade.php'
rm 'routes/api.php'
rm 'routes/auth.php'
rm 'routes/channels.php'
rm 'routes/console.php'
rm 'routes/web.php'
rm 'storage/app/.gitignore'
rm 'storage/app/public/.gitignore'
rm 'storage/framework/.gitignore'
rm 'storage/framework/cache/.gitignore'
rm 'storage/framework/cache/data/.gitignore'
rm 'storage/framework/sessions/.gitignore'
rm 'storage/framework/testing/.gitignore'
rm 'storage/framework/views/.gitignore'
rm 'storage/logs/.gitignore'
rm 'tailwind.config.js'
rm 'tests/CreatesApplication.php'
rm 'tests/Feature/Auth/AuthenticationTest.php'
rm 'tests/Feature/Auth/EmailVerificationTest.php'
rm 'tests/Feature/Auth/PasswordConfirmationTest.php'
rm 'tests/Feature/Auth/PasswordResetTest.php'
rm 'tests/Feature/Auth/RegistrationTest.php'
rm 'tests/Feature/ExampleTest.php'
rm 'tests/TestCase.php'
rm 'tests/Unit/ExampleTest.php'
rm 'vite.config.js'
rm 'webpack.mix.js'
(base) ta2ya@a-2 kakeibo % sail node -v
v16.17.0
(base) ta2ya@a-2 kakeibo % 
(base) ta2ya@a-2 kakeibo % 
(base) ta2ya@a-2 kakeibo % 
(base) ta2ya@a-2 kakeibo % 
(base) ta2ya@a-2 kakeibo % 
(base) ta2ya@a-2 kakeibo % 
(base) ta2ya@a-2 kakeibo % 
(base) ta2ya@a-2 kakeibo % 
(base) ta2ya@a-2 kakeibo % 
(base) ta2ya@a-2 kakeibo % 


(base) ta2ya@a-2 kakeibo % sail npm run build

> build
> vite build

vite v3.1.3 building for production...
✓ 59 modules transformed.
public/build/manifest.json             0.25 KiB
public/build/assets/app.71598dc1.css   24.63 KiB / gzip: 4.99 KiB
public/build/assets/app.bc48f9bf.js    129.05 KiB / gzip: 46.79 KiB
(base) ta2ya@a-2 kakeibo % sail npm run dev

> dev
> vite


  VITE v3.1.3  ready in 791 ms

  ➜  Local:   http://localhost:5173/
  ➜  Network: http://192.168.80.8:5173/

  LARAVEL v9.31.0  plugin v0.6.1

  ➜  APP_URL: http://localhost
^C%                                                                                                                                                                 
(base) ta2ya@a-2 kakeibo % sail up -d               
[+] Running 7/0
 ⠿ Container kakeibo-redis-1         Running                                                                                                                   0.0s
 ⠿ Container kakeibo-mailhog-1       Running                                                                                                                   0.0s
 ⠿ Container kakeibo-selenium-1      Running                                                                                                                   0.0s
 ⠿ Container kakeibo-meilisearch-1   Running                                                                                                                   0.0s
 ⠿ Container kakeibo-mysql-1         Running                                                                                                                   0.0s
 ⠿ Container kakeibo-laravel.test-1  Running                                                                                                                   0.0s
 ⠿ Container kakeibo-phpmyadmin-1    Running                                                                                                                   0.0s
(base) ta2ya@a-2 kakeibo % cd .git
(base) ta2ya@a-2 .git % ls
COMMIT_EDITMSG  HEAD            config          hooks           info            objects
FETCH_HEAD      ORIG_HEAD       description     index           logs            refs
(base) ta2ya@a-2 .git % cd config
cd: not a directory: config
(base) ta2ya@a-2 .git % cd config
cd: not a directory: config
(base) ta2ya@a-2 .git % cat config
[core]
        repositoryformatversion = 0
        filemode = true
        bare = false
        logallrefupdates = true
        ignorecase = true
        precomposeunicode = true
[remote "origin"]
        url = git@github.com:SHIO777/kakeibo.git
        fetch = +refs/heads/*:refs/remotes/origin/*
[branch "develop"]
        remote = origin
        merge = refs/heads/develop
(base) ta2ya@a-2 .git % cat HEAD
ref: refs/heads/develop
(base) ta2ya@a-2 .git % cd HEAD
cd: not a directory: HEAD
(base) ta2ya@a-2 .git % cat FETCH_HEAD
658228475cee8318664a918855a068dd6a358eac                branch 'develop' of github.com:SHIO777/kakeibo
4641da74657aa2c13fd6f86da9bef9a4984c60d2        not-for-merge   branch 'main' of github.com:SHIO777/kakeibo
(base) ta2ya@a-2 .git % cd ..
(base) ta2ya@a-2 kakeibo % sail php artisan tinker
Psy Shell v0.11.8 (PHP 8.1.10 — cli) by Justin Hileman
>>> Transaction:all()->sortBy("id");
PHP Error:  Call to undefined function all() in Psy Shell code on line 2
>>> Transaction::all();
[!] Aliasing 'Transaction' to 'App\Models\Transaction' for this Tinker session.
=> Illuminate\Database\Eloquent\Collection {#4612
     all: [
       App\Models\Transaction {#4614
         id: 1,
         kind_id: 1,
         category_id: 1,
         price: 100,
         date: "2022-09-16",
         place: "place",
         note: null,
         created_at: "2022-09-23 01:21:15",
         updated_at: "2022-09-23 01:21:15",
       },
       App\Models\Transaction {#4615
         id: 2,
         kind_id: 2,
         category_id: 2,
         price: 10000,
         date: "2022-09-24",
         place: "company",
         note: "y",
         created_at: "2022-09-23 04:26:51",
         updated_at: "2022-09-23 04:26:51",
       },
       App\Models\Transaction {#4616
         id: 3,
         kind_id: 2,
         category_id: 2,
         price: 10000,
         date: "2022-09-21",
         place: null,
         note: null,
         created_at: "2022-09-23 04:48:53",
         updated_at: "2022-09-23 04:48:53",
       },
       App\Models\Transaction {#4617
         id: 4,
         kind_id: 1,
         category_id: 1,
         price: 100,
         date: "2022-09-23",
         place: "Nishitetsu store",
         note: null,
         created_at: "2022-09-23 06:13:28",
         updated_at: "2022-09-23 06:13:28",
       },
       App\Models\Transaction {#4618
         id: 5,
         kind_id: 1,
         category_id: 4,
         price: 1000,
         date: "2022-09-23",
         place: "station  -> Tenjin station",
         note: "Nimoca charge -> Suica",
         created_at: "2022-09-23 06:15:01",
         updated_at: "2022-09-23 07:00:19",
       },
     ],
   }

>>> exit
Exit:  Goodbye
(base) ta2ya@a-2 kakeibo % docker container ls
CONTAINER ID   IMAGE                         COMMAND                  CREATED       STATUS                 PORTS                                                  NAMES
446faa05a9ed   phpmyadmin/phpmyadmin         "/docker-entrypoint.…"   4 hours ago   Up 4 hours             0.0.0.0:8080->80/tcp                                   kakeibo-phpmyadmin-1
532169ac9df1   sail-8.1/app                  "start-container"        4 hours ago   Up 4 hours             0.0.0.0:80->80/tcp, 0.0.0.0:5173->5173/tcp, 8000/tcp   kakeibo-laravel.test-1
0c6404e320a9   mysql/mysql-server:8.0        "/entrypoint.sh mysq…"   4 hours ago   Up 4 hours (healthy)   0.0.0.0:3306->3306/tcp, 33060-33061/tcp                kakeibo-mysql-1
47cad79271aa   selenium/standalone-chrome    "/opt/bin/entry_poin…"   4 hours ago   Up 4 hours             4444/tcp, 5900/tcp                                     kakeibo-selenium-1
f88cd170d47e   redis:alpine                  "docker-entrypoint.s…"   4 hours ago   Up 4 hours (healthy)   0.0.0.0:6379->6379/tcp                                 kakeibo-redis-1
329b888c0c04   getmeili/meilisearch:latest   "tini -- /bin/sh -c …"   4 hours ago   Up 4 hours (healthy)   0.0.0.0:7700->7700/tcp                                 kakeibo-meilisearch-1
ae59f567b30c   mailhog/mailhog:latest        "MailHog"                4 hours ago   Up 4 hours             0.0.0.0:1025->1025/tcp, 0.0.0.0:8025->8025/tcp         kakeibo-mailhog-1
(base) ta2ya@a-2 kakeibo % sail npm run dev

> dev
> vite


  VITE v3.1.3  ready in 2226 ms

  ➜  Local:   http://localhost:5173/
  ➜  Network: http://192.168.80.8:5173/

  LARAVEL v9.31.0  plugin v0.6.1

  ➜  APP_URL: http://localhost
10:57:19 AM [vite] page reload resources/views/chartjs.blade.php
10:57:19 AM [vite] page reload resources/views/chartjs.blade.php
10:57:28 AM [vite] page reload storage/framework/views/8cdaaa3fd91e37a65625d64c8cc206c7a9ca33d0.php
^C%                                                                                                                                                                 
(base) ta2ya@a-2 kakeibo % sail down
[+] Running 8/8
 ⠿ Container kakeibo-laravel.test-1  Removed                                                                                                                   1.1s
 ⠿ Container kakeibo-phpmyadmin-1    Removed                                                                                                                   1.3s
 ⠿ Container kakeibo-selenium-1      Removed                                                                                                                   4.5s
 ⠿ Container kakeibo-redis-1         Removed                                                                                                                   0.4s
 ⠿ Container kakeibo-meilisearch-1   Removed                                                                                                                   0.3s
 ⠿ Container kakeibo-mailhog-1       Removed                                                                                                                   0.4s
 ⠿ Container kakeibo-mysql-1         Removed                                                                                                                   1.4s
 ⠿ Network kakeibo_sail              Removed                                                                                                                   0.1s
(base) ta2ya@a-2 kakeibo % sail up -d
[+] Running 8/8
 ⠿ Network kakeibo_sail              Created                                                                                                                   0.0s
 ⠿ Container kakeibo-mailhog-1       Started                                                                                                                   0.7s
 ⠿ Container kakeibo-mysql-1         Started                                                                                                                   0.8s
 ⠿ Container kakeibo-redis-1         Started                                                                                                                   0.8s
 ⠿ Container kakeibo-selenium-1      Started                                                                                                                   0.6s
 ⠿ Container kakeibo-meilisearch-1   Started                                                                                                                   0.9s
 ⠿ Container kakeibo-phpmyadmin-1    Started                                                                                                                   1.1s
 ⠿ Container kakeibo-laravel.test-1  Started                                                                                                                   2.3s
(base) ta2ya@a-2 kakeibo % sail npm run build

> build
> vite build

vite v3.1.3 building for production...
✓ 59 modules transformed.
public/build/manifest.json             0.25 KiB
public/build/assets/app.71598dc1.css   24.63 KiB / gzip: 4.99 KiB
public/build/assets/app.e7440c92.js    129.05 KiB / gzip: 46.79 KiB
(base) ta2ya@a-2 kakeibo % sail npm run build

> build
> vite build

vite v3.1.3 building for production...
✓ 58 modules transformed.
public/build/manifest.json             0.25 KiB
public/build/assets/app.71598dc1.css   24.63 KiB / gzip: 4.99 KiB
public/build/assets/app.4561e03e.js    129.10 KiB / gzip: 46.82 KiB
(base) ta2ya@a-2 kakeibo % sail npm install && sail npm run build

up to date, audited 95 packages in 783ms

18 packages are looking for funding
  run `npm fund` for details

found 0 vulnerabilities

> build
> vite build

vite v3.1.3 building for production...
✓ 59 modules transformed.
public/build/manifest.json             0.25 KiB
public/build/assets/app.71598dc1.css   24.63 KiB / gzip: 4.99 KiB
public/build/assets/app.e7440c92.js    129.05 KiB / gzip: 46.79 KiB
(base) ta2ya@a-2 kakeibo % sail npm run dev   

> dev
> vite


  VITE v3.1.3  ready in 796 ms

  ➜  Local:   http://localhost:5173/
  ➜  Network: http://192.168.96.8:5173/

  LARAVEL v9.31.0  plugin v0.6.1

  ➜  APP_URL: http://localhost
11:01:42 AM [vite] page reload resources/views/chartjs.blade.php
11:02:28 AM [vite] page reload resources/views/chartjs.blade.php (x2)
c^C%                                                                                                                                                                
(base) ta2ya@a-2 kakeibo % sail npm install chart.js

up to date, audited 95 packages in 1s

18 packages are looking for funding
  run `npm fund` for details

found 0 vulnerabilities
(base) ta2ya@a-2 kakeibo % npm run dev
env: node: No such file or directory
(base) ta2ya@a-2 kakeibo % sail npm run dev

> dev
> vite


  VITE v3.1.3  ready in 798 ms

  ➜  Local:   http://localhost:5173/
  ➜  Network: http://192.168.96.8:5173/

  LARAVEL v9.31.0  plugin v0.6.1

  ➜  APP_URL: http://localhost
11:14:26 AM [vite] page reload routes/web.php
11:14:51 AM [vite] page reload routes/web.php (x2)
11:16:18 AM [vite] page reload routes/web.php (x3)
^C%                                                                                                                                                                 
(base) ta2ya@a-2 kakeibo % sail npm run dev

> dev
> vite


  VITE v3.1.3  ready in 789 ms

  ➜  Local:   http://localhost:5173/
  ➜  Network: http://192.168.96.8:5173/

  LARAVEL v9.31.0  plugin v0.6.1

  ➜  APP_URL: http://localhost
^C%                                                                                                                                                                 
(base) ta2ya@a-2 kakeibo % sail npm run dev

> dev
> vite


  VITE v3.1.3  ready in 817 ms

  ➜  Local:   http://localhost:5173/
  ➜  Network: http://192.168.96.8:5173/

  LARAVEL v9.31.0  plugin v0.6.1

  ➜  APP_URL: http://localhost
^C%                                                                                                                                                                 
(base) ta2ya@a-2 kakeibo % touch webpack.mix.js
(base) ta2ya@a-2 kakeibo % npm run dev
env: node: No such file or directory
(base) ta2ya@a-2 kakeibo % sail npm run dev

> dev
> vite


  VITE v3.1.3  ready in 835 ms

  ➜  Local:   http://localhost:5173/
  ➜  Network: http://192.168.96.8:5173/

  LARAVEL v9.31.0  plugin v0.6.1

  ➜  APP_URL: http://localhost
11:43:37 AM [vite] page reload resources/views/chartjs.blade.php
^C%                                                                                                                                                         
(base) ta2ya@a-2 kakeibo % 

